// Jest Snapshot v1, https://goo.gl/fbAQLP

exports[`shopping-cart-item.vue render shopping cart empty state 1`] = `
<div class="shopping-cart" style="top: 0px;">
  <h3>
    Carrinho
    <!---->
  </h3>
  <div class="cart-icon"><img src="@/assets/cart-icon.svg" alt="Shopping Cart"></div>
  <p>
    Até o momento, <br>
    o seu carrinho está vazio
  </p>
  <!---->
</div>
`;
